=================================================================
 🧠 Cross-Entropy Method (CEM-RL) Tetris Policy Search
 Objective:   score (top-out penalty 500,000)
 Features:    11
 Workers:     12 parallel processes
 Population:  32, elite 6, 40 generations
 Games/eval:  12 (max 1500 pieces each)
 Environment: start level 1, 20 rows, hold on, ends at 300 lines
 Output Dir:  cem_checkpoints_v4
=================================================================
Gen   1/40 | Best:  897,871.7 | Elite avg:  655,134.9 | Mean policy:  897,871.7 points (301 lines, 0 top-outs) | Pop median: -497,128.3 | Never topped out: 5/32 |  18.3s | total   0.3m
Gen   2/40 | Best:  789,163.2 | Elite avg:  716,091.7 | Mean policy:  649,719.0 points (300 lines, 0 top-outs) | Pop median:  -42,210.1 | Never topped out: 12/32 |  34.2s | total   0.9m
Gen   3/40 | Best:  774,315.7 | Elite avg:  722,888.8 | Mean policy:  692,577.8 points (300 lines, 0 top-outs) | Pop median:  645,927.2 | Never topped out: 21/32 |  49.6s | total   1.7m
Gen   4/40 | Best:  771,307.2 | Elite avg:  737,133.4 | Mean policy:  726,666.8 points (300 lines, 0 top-outs) | Pop median:  645,051.9 | Never topped out: 16/32 |  49.8s | total   2.5m
Gen   5/40 | Best:  765,674.8 | Elite avg:  750,782.0 | Mean policy:  747,846.5 points (301 lines, 0 top-outs) | Pop median:  655,155.1 | Never topped out: 20/32 |  49.1s | total   3.4m
Gen   6/40 | Best:  905,737.8 | Elite avg:  788,880.4 | Mean policy:  760,165.7 points (300 lines, 0 top-outs) | Pop median:  701,206.1 | Never topped out: 20/32 |  51.6s | total   4.2m
Gen   7/40 | Best:  901,655.5 | Elite avg:  802,479.6 | Mean policy:  779,030.5 points (301 lines, 0 top-outs) | Pop median:  720,425.2 | Never topped out: 18/32 |  52.0s | total   5.1m
Gen   8/40 | Best:  847,041.5 | Elite avg:  834,409.1 | Mean policy:  787,275.3 points (301 lines, 0 top-outs) | Pop median:  754,966.8 | Never topped out: 17/32 |  52.3s | total   6.0m
Gen   9/40 | Best:  894,392.3 | Elite avg:  846,041.4 | Mean policy:  819,003.3 points (300 lines, 0 top-outs) | Pop median:  776,217.8 | Never topped out: 16/32 |  51.4s | total   6.8m
Gen  10/40 | Best:  928,252.5 | Elite avg:  877,610.8 | Mean policy:  789,363.5 points (300 lines, 1 top-outs) | Pop median:  737,198.1 | Never topped out: 14/32 |  49.8s | total   7.6m
Gen  11/40 | Best:  864,424.3 | Elite avg:  836,571.3 | Mean policy:  793,812.5 points (297 lines, 1 top-outs) | Pop median:  745,997.1 | Never topped out: 14/32 |  45.0s | total   8.4m
Gen  12/40 | Best:  912,476.2 | Elite avg:  887,612.0 | Mean policy:  849,159.8 points (301 lines, 0 top-outs) | Pop median:  802,262.9 | Never topped out: 20/32 |  56.8s | total   9.3m
Gen  13/40 | Best:  998,230.5 | Elite avg:  924,543.1 | Mean policy:  883,594.7 points (301 lines, 0 top-outs) | Pop median:  848,799.1 | Never topped out: 20/32 |  57.2s | total  10.3m
Gen  14/40 | Best:  952,361.0 | Elite avg:  907,988.3 | Mean policy:  915,280.0 points (301 lines, 0 top-outs) | Pop median:  770,094.5 | Never topped out: 13/32 |  43.8s | total  11.0m
Gen  15/40 | Best:  985,392.8 | Elite avg:  909,732.9 | Mean policy:  848,288.2 points (291 lines, 1 top-outs) | Pop median:  772,619.8 | Never topped out: 11/32 |  50.5s | total  11.9m
Gen  16/40 | Best:  928,456.3 | Elite avg:  901,731.3 | Mean policy:  899,941.2 points (301 lines, 0 top-outs) | Pop median:  828,835.5 | Never topped out: 19/32 |  50.7s | total  12.7m
Gen  17/40 | Best:  966,048.5 | Elite avg:  920,702.3 | Mean policy:  867,932.3 points (294 lines, 1 top-outs) | Pop median:  809,409.6 | Never topped out: 13/32 |  56.1s | total  13.6m
Gen  18/40 | Best:  966,227.7 | Elite avg:  947,108.5 | Mean policy:  946,002.2 points (301 lines, 0 top-outs) | Pop median:  840,663.2 | Never topped out: 19/32 |  57.2s | total  14.6m
Gen  19/40 | Best:  968,525.7 | Elite avg:  941,744.8 | Mean policy:  926,618.0 points (301 lines, 0 top-outs) | Pop median:  865,626.2 | Never topped out: 19/32 |  57.1s | total  15.6m
Gen  20/40 | Best:  999,979.0 | Elite avg:  959,895.1 | Mean policy:  856,437.7 points (294 lines, 1 top-outs) | Pop median:  881,420.0 | Never topped out: 20/32 |  59.2s | total  16.5m
Gen  21/40 | Best:  962,825.2 | Elite avg:  950,460.7 | Mean policy:  878,801.3 points (299 lines, 1 top-outs) | Pop median:  892,105.4 | Never topped out: 17/32 |  57.2s | total  17.5m
Gen  22/40 | Best:  984,899.3 | Elite avg:  964,073.9 | Mean policy:  936,210.3 points (301 lines, 0 top-outs) | Pop median:  886,545.4 | Never topped out: 19/32 |  56.7s | total  18.4m
Gen  23/40 | Best:  980,079.7 | Elite avg:  959,322.4 | Mean policy:  945,074.3 points (301 lines, 0 top-outs) | Pop median:  881,777.8 | Never topped out: 15/32 |  57.7s | total  19.4m
Gen  24/40 | Best:  993,262.5 | Elite avg:  964,705.9 | Mean policy:  826,347.7 points (282 lines, 1 top-outs) | Pop median:  895,573.3 | Never topped out: 17/32 |  54.0s | total  20.3m
Gen  25/40 | Best: 1,000,185.7 | Elite avg:  970,960.8 | Mean policy:  973,148.5 points (301 lines, 0 top-outs) | Pop median:  879,393.2 | Never topped out: 12/32 |  58.2s | total  21.3m
Gen  26/40 | Best:  986,852.7 | Elite avg:  960,080.1 | Mean policy:  986,852.7 points (301 lines, 0 top-outs) | Pop median:  888,769.9 | Never topped out: 15/32 |  52.4s | total  22.1m
Gen  27/40 | Best:  973,314.5 | Elite avg:  957,872.7 | Mean policy:  877,116.3 points (285 lines, 1 top-outs) | Pop median:  894,703.1 | Never topped out: 15/32 |  56.5s | total  23.1m
Gen  28/40 | Best:  995,209.0 | Elite avg:  972,538.6 | Mean policy:  980,640.2 points (301 lines, 0 top-outs) | Pop median:  909,163.4 | Never topped out: 20/32 |  54.0s | total  24.0m
Gen  29/40 | Best:  965,571.8 | Elite avg:  953,351.4 | Mean policy:  936,092.8 points (297 lines, 1 top-outs) | Pop median:  864,775.2 | Never topped out: 13/32 |  51.5s | total  24.8m
Gen  30/40 | Best: 1,038,382.2 | Elite avg:  988,211.7 | Mean policy:  959,455.5 points (301 lines, 0 top-outs) | Pop median:  897,312.8 | Never topped out: 16/32 |  57.9s | total  25.8m
Gen  31/40 | Best: 1,001,742.3 | Elite avg:  964,256.4 | Mean policy:  972,774.8 points (301 lines, 0 top-outs) | Pop median:  798,558.2 | Never topped out: 11/32 |  49.5s | total  26.6m
Gen  32/40 | Best: 1,007,406.7 | Elite avg:  969,302.4 | Mean policy:  981,913.7 points (302 lines, 0 top-outs) | Pop median:  887,379.3 | Never topped out: 15/32 |  57.8s | total  27.6m
Gen  33/40 | Best: 1,006,011.5 | Elite avg:  977,236.2 | Mean policy:  942,613.3 points (301 lines, 0 top-outs) | Pop median:  901,675.5 | Never topped out: 23/32 |  63.3s | total  28.7m
Gen  34/40 | Best: 1,003,549.2 | Elite avg:  977,706.6 | Mean policy:  986,833.2 points (302 lines, 0 top-outs) | Pop median:  897,348.8 | Never topped out: 19/32 |  53.3s | total  29.5m
Gen  35/40 | Best: 1,009,614.7 | Elite avg:  985,277.9 | Mean policy:  967,435.5 points (301 lines, 0 top-outs) | Pop median:  891,981.3 | Never topped out: 16/32 |  55.4s | total  30.5m
Gen  36/40 | Best:  998,168.8 | Elite avg:  982,567.6 | Mean policy:  998,168.8 points (301 lines, 0 top-outs) | Pop median:  912,716.3 | Never topped out: 18/32 |  53.3s | total  31.4m
Gen  37/40 | Best:  980,948.5 | Elite avg:  956,606.9 | Mean policy:  963,315.0 points (301 lines, 0 top-outs) | Pop median:  854,528.7 | Never topped out: 12/32 |  55.9s | total  32.3m
Gen  38/40 | Best:  989,472.2 | Elite avg:  968,885.9 | Mean policy:  989,472.2 points (302 lines, 0 top-outs) | Pop median:  917,566.1 | Never topped out: 20/32 |  60.4s | total  33.3m
Gen  39/40 | Best:  991,672.2 | Elite avg:  975,925.2 | Mean policy:  970,371.5 points (301 lines, 0 top-outs) | Pop median:  910,582.1 | Never topped out: 22/32 |  55.7s | total  34.2m
Gen  40/40 | Best:  970,831.0 | Elite avg:  951,962.1 | Mean policy:  970,831.0 points (301 lines, 0 top-outs) | Pop median:  891,108.2 | Never topped out: 20/32 |  54.0s | total  35.1m
=================================================================
 Validating on 24 held-out games...
   final_mean     : fitness    981,020.7 |   301.2 lines | score     981,021 | topped out 0/24
   best_candidate : fitness    582,336.8 |   252.8 lines | score     790,670 | topped out 10/24
   bcts_baseline  : fitness    626,726.3 |   300.1 lines | score     626,726 | topped out 0/24
=================================================================
 🎉 CEM-RL Training Finished! Selected: final_mean
   landing_height      : -0.411317
   eroded_piece_cells  : -0.169688
   row_transitions     : -0.135946
   col_transitions     : -0.276358
   holes               : -0.330187
   cumulative_wells    : -0.017002
   hole_depth          : -0.042016
   rows_with_holes     : -0.341748
   clear_points        : -0.281481
   ready_lines         : +0.233329
   tetris              : +0.587898
 Saved to: cem_checkpoints_v4/best_cem_weights.json
=================================================================
