=================================================================
 🚀 Starting Tetris Reinforcement Learning (DQN)
 Device:         cpu
 Episodes:       5000
 Batch Size:     512
 Replay Buffer:  30000
 Checkpoint Dir: checkpoints
 Log Dir:        runs/tetris_dqn
=================================================================
Ep     1/5000 | Score:    180 | Lines:    0 | Lvl:  1 | Pieces:   18 | Eps: 0.995 | Loss: 0.0000 | Best Lines: 0 | Elapsed: 0.2s
Ep    20/5000 | Score:    150 | Lines:    0 | Lvl:  1 | Pieces:   15 | Eps: 0.905 | Loss: 0.0000 | Best Lines: 0 | Elapsed: 2.2s
Ep    40/5000 | Score:    200 | Lines:    0 | Lvl:  1 | Pieces:   20 | Eps: 0.818 | Loss: 2.5823 | Best Lines: 1 | Elapsed: 7.8s
Ep    60/5000 | Score:    350 | Lines:    1 | Lvl:  1 | Pieces:   26 | Eps: 0.740 | Loss: 2.7518 | Best Lines: 1 | Elapsed: 14.5s
Ep    80/5000 | Score:    260 | Lines:    0 | Lvl:  1 | Pieces:   26 | Eps: 0.670 | Loss: 2.9812 | Best Lines: 2 | Elapsed: 21.3s
Ep   100/5000 | Score:    240 | Lines:    0 | Lvl:  1 | Pieces:   24 | Eps: 0.606 | Loss: 3.8086 | Best Lines: 2 | Elapsed: 30.0s
Ep   120/5000 | Score:    280 | Lines:    0 | Lvl:  1 | Pieces:   28 | Eps: 0.548 | Loss: 6.5927 | Best Lines: 3 | Elapsed: 38.7s
Ep   140/5000 | Score:    270 | Lines:    0 | Lvl:  1 | Pieces:   27 | Eps: 0.496 | Loss: 9.6345 | Best Lines: 6 | Elapsed: 49.7s
Ep   160/5000 | Score:    360 | Lines:    1 | Lvl:  1 | Pieces:   27 | Eps: 0.448 | Loss: 14.6545 | Best Lines: 6 | Elapsed: 60.4s
Ep   180/5000 | Score:   1180 | Lines:    7 | Lvl:  1 | Pieces:   55 | Eps: 0.406 | Loss: 17.8235 | Best Lines: 9 | Elapsed: 77.2s
Ep   200/5000 | Score:    260 | Lines:    0 | Lvl:  1 | Pieces:   26 | Eps: 0.367 | Loss: 20.7890 | Best Lines: 12 | Elapsed: 95.1s
Ep   220/5000 | Score:    450 | Lines:    1 | Lvl:  1 | Pieces:   36 | Eps: 0.332 | Loss: 23.4967 | Best Lines: 15 | Elapsed: 115.4s
Ep   240/5000 | Score:   1550 | Lines:   10 | Lvl:  2 | Pieces:   54 | Eps: 0.300 | Loss: 35.5895 | Best Lines: 26 | Elapsed: 134.0s
Ep   260/5000 | Score:   1600 | Lines:   11 | Lvl:  2 | Pieces:   61 | Eps: 0.272 | Loss: 45.1216 | Best Lines: 26 | Elapsed: 152.7s
Ep   280/5000 | Score:   2590 | Lines:   19 | Lvl:  2 | Pieces:   88 | Eps: 0.246 | Loss: 50.0640 | Best Lines: 29 | Elapsed: 173.3s
Ep   300/5000 | Score:   1280 | Lines:    8 | Lvl:  1 | Pieces:   56 | Eps: 0.222 | Loss: 65.0920 | Best Lines: 33 | Elapsed: 199.4s
Ep   320/5000 | Score:   2420 | Lines:   15 | Lvl:  2 | Pieces:   75 | Eps: 0.201 | Loss: 74.9860 | Best Lines: 45 | Elapsed: 234.0s
Ep   340/5000 | Score:   4410 | Lines:   26 | Lvl:  3 | Pieces:  100 | Eps: 0.182 | Loss: 104.7678 | Best Lines: 45 | Elapsed: 259.8s
Ep   360/5000 | Score:   7450 | Lines:   54 | Lvl:  6 | Pieces:  171 | Eps: 0.165 | Loss: 127.0688 | Best Lines: 54 | Elapsed: 279.9s
Ep   380/5000 | Score:   4130 | Lines:   28 | Lvl:  3 | Pieces:  106 | Eps: 0.149 | Loss: 157.7692 | Best Lines: 54 | Elapsed: 312.9s
Ep   400/5000 | Score:  10780 | Lines:   79 | Lvl:  8 | Pieces:  235 | Eps: 0.135 | Loss: 214.7001 | Best Lines: 97 | Elapsed: 351.6s
Ep   420/5000 | Score:  14790 | Lines:   97 | Lvl: 10 | Pieces:  281 | Eps: 0.122 | Loss: 267.8444 | Best Lines: 97 | Elapsed: 395.9s
Ep   440/5000 | Score:  17630 | Lines:  114 | Lvl: 12 | Pieces:  318 | Eps: 0.110 | Loss: 346.2240 | Best Lines: 114 | Elapsed: 466.4s
Ep   460/5000 | Score:  12070 | Lines:   75 | Lvl:  8 | Pieces:  226 | Eps: 0.100 | Loss: 488.5461 | Best Lines: 133 | Elapsed: 536.0s
Ep   480/5000 | Score:   4950 | Lines:   38 | Lvl:  4 | Pieces:  131 | Eps: 0.090 | Loss: 255.6738 | Best Lines: 141 | Elapsed: 597.7s
Ep   500/5000 | Score:  20890 | Lines:  130 | Lvl: 14 | Pieces:  359 | Eps: 0.082 | Loss: 325.7196 | Best Lines: 151 | Elapsed: 675.3s
Ep   520/5000 | Score:  22520 | Lines:  147 | Lvl: 15 | Pieces:  399 | Eps: 0.074 | Loss: 440.2855 | Best Lines: 151 | Elapsed: 767.7s
Ep   540/5000 | Score:  26150 | Lines:  147 | Lvl: 15 | Pieces:  400 | Eps: 0.067 | Loss: 581.3943 | Best Lines: 160 | Elapsed: 866.6s
Ep   560/5000 | Score:  20670 | Lines:  121 | Lvl: 13 | Pieces:  341 | Eps: 0.060 | Loss: 639.4714 | Best Lines: 160 | Elapsed: 956.8s
Ep   580/5000 | Score:  26690 | Lines:  152 | Lvl: 16 | Pieces:  408 | Eps: 0.055 | Loss: 710.6598 | Best Lines: 160 | Elapsed: 1062.3s
Ep   600/5000 | Score:  27580 | Lines:  155 | Lvl: 16 | Pieces:  413 | Eps: 0.049 | Loss: 760.8470 | Best Lines: 160 | Elapsed: 1154.7s
Ep   620/5000 | Score:  27140 | Lines:  151 | Lvl: 16 | Pieces:  401 | Eps: 0.045 | Loss: 747.5254 | Best Lines: 160 | Elapsed: 1241.6s
Ep   640/5000 | Score:  28920 | Lines:  147 | Lvl: 15 | Pieces:  398 | Eps: 0.040 | Loss: 776.4336 | Best Lines: 160 | Elapsed: 1375.0s
Ep   660/5000 | Score:  26510 | Lines:  148 | Lvl: 15 | Pieces:  399 | Eps: 0.037 | Loss: 780.4619 | Best Lines: 160 | Elapsed: 1502.0s
Ep   680/5000 | Score:  32070 | Lines:  152 | Lvl: 16 | Pieces:  404 | Eps: 0.033 | Loss: 791.9113 | Best Lines: 160 | Elapsed: 1614.2s
Ep   700/5000 | Score:   2310 | Lines:    9 | Lvl:  1 | Pieces:   55 | Eps: 0.030 | Loss: 811.2355 | Best Lines: 160 | Elapsed: 1694.8s
Ep   720/5000 | Score:   4600 | Lines:   19 | Lvl:  2 | Pieces:   87 | Eps: 0.027 | Loss: 750.5220 | Best Lines: 160 | Elapsed: 1799.6s
Ep   740/5000 | Score:  24700 | Lines:  151 | Lvl: 16 | Pieces:  398 | Eps: 0.024 | Loss: 789.2439 | Best Lines: 160 | Elapsed: 1884.9s
Ep   760/5000 | Score:  23570 | Lines:  122 | Lvl: 13 | Pieces:  340 | Eps: 0.022 | Loss: 873.9112 | Best Lines: 160 | Elapsed: 1993.3s
Ep   780/5000 | Score:  29200 | Lines:  135 | Lvl: 14 | Pieces:  367 | Eps: 0.020 | Loss: 1016.0394 | Best Lines: 160 | Elapsed: 2095.8s
Ep   800/5000 | Score:  28030 | Lines:  153 | Lvl: 16 | Pieces:  400 | Eps: 0.018 | Loss: 1021.9138 | Best Lines: 160 | Elapsed: 2237.1s
Ep   820/5000 | Score:  30870 | Lines:  154 | Lvl: 16 | Pieces:  404 | Eps: 0.016 | Loss: 897.1778 | Best Lines: 160 | Elapsed: 2345.7s
Ep   840/5000 | Score:  29860 | Lines:  150 | Lvl: 16 | Pieces:  396 | Eps: 0.015 | Loss: 881.0417 | Best Lines: 160 | Elapsed: 2464.5s
Ep   860/5000 | Score:  30090 | Lines:  150 | Lvl: 16 | Pieces:  393 | Eps: 0.013 | Loss: 843.5812 | Best Lines: 160 | Elapsed: 2582.4s
Ep   880/5000 | Score:  27730 | Lines:  153 | Lvl: 16 | Pieces:  402 | Eps: 0.012 | Loss: 853.2209 | Best Lines: 160 | Elapsed: 2704.5s
Ep   900/5000 | Score:  31200 | Lines:  157 | Lvl: 16 | Pieces:  410 | Eps: 0.011 | Loss: 863.6669 | Best Lines: 160 | Elapsed: 2830.5s
Ep   920/5000 | Score:  29350 | Lines:  153 | Lvl: 16 | Pieces:  398 | Eps: 0.010 | Loss: 766.1909 | Best Lines: 160 | Elapsed: 2951.8s
Ep   940/5000 | Score:  30860 | Lines:  152 | Lvl: 16 | Pieces:  399 | Eps: 0.010 | Loss: 716.6209 | Best Lines: 160 | Elapsed: 3080.1s
Ep   960/5000 | Score:  29600 | Lines:  152 | Lvl: 16 | Pieces:  393 | Eps: 0.010 | Loss: 698.4407 | Best Lines: 160 | Elapsed: 3222.1s
Ep   980/5000 | Score:  32760 | Lines:  154 | Lvl: 16 | Pieces:  402 | Eps: 0.010 | Loss: 729.2052 | Best Lines: 161 | Elapsed: 3342.2s
Ep  1000/5000 | Score:  30000 | Lines:  153 | Lvl: 16 | Pieces:  396 | Eps: 0.010 | Loss: 696.3400 | Best Lines: 161 | Elapsed: 3469.1s
Ep  1020/5000 | Score:  28180 | Lines:  150 | Lvl: 16 | Pieces:  393 | Eps: 0.010 | Loss: 613.8765 | Best Lines: 161 | Elapsed: 3591.2s
Ep  1040/5000 | Score:  29710 | Lines:  146 | Lvl: 15 | Pieces:  396 | Eps: 0.010 | Loss: 641.2767 | Best Lines: 161 | Elapsed: 3704.3s
Ep  1060/5000 | Score:  28300 | Lines:  154 | Lvl: 16 | Pieces:  407 | Eps: 0.010 | Loss: 677.6094 | Best Lines: 161 | Elapsed: 3823.7s
Ep  1080/5000 | Score:  30860 | Lines:  151 | Lvl: 16 | Pieces:  394 | Eps: 0.010 | Loss: 660.1777 | Best Lines: 161 | Elapsed: 3947.1s
Ep  1100/5000 | Score:  32950 | Lines:  150 | Lvl: 16 | Pieces:  396 | Eps: 0.010 | Loss: 630.9117 | Best Lines: 161 | Elapsed: 4097.3s
Ep  1120/5000 | Score:  32830 | Lines:  152 | Lvl: 16 | Pieces:  397 | Eps: 0.010 | Loss: 637.3600 | Best Lines: 161 | Elapsed: 4214.2s
Ep  1140/5000 | Score:  32080 | Lines:  152 | Lvl: 16 | Pieces:  396 | Eps: 0.010 | Loss: 554.0222 | Best Lines: 161 | Elapsed: 4332.0s
Ep  1160/5000 | Score:  31710 | Lines:  151 | Lvl: 16 | Pieces:  397 | Eps: 0.010 | Loss: 609.4863 | Best Lines: 161 | Elapsed: 4436.0s
Ep  1180/5000 | Score:  30100 | Lines:  141 | Lvl: 15 | Pieces:  374 | Eps: 0.010 | Loss: 664.6311 | Best Lines: 161 | Elapsed: 4558.0s
Ep  1200/5000 | Score:  30660 | Lines:  151 | Lvl: 16 | Pieces:  394 | Eps: 0.010 | Loss: 692.4238 | Best Lines: 161 | Elapsed: 4662.2s
Ep  1220/5000 | Score:  26570 | Lines:  151 | Lvl: 16 | Pieces:  401 | Eps: 0.010 | Loss: 867.2162 | Best Lines: 161 | Elapsed: 4774.8s
Ep  1240/5000 | Score:  34150 | Lines:  158 | Lvl: 16 | Pieces:  411 | Eps: 0.010 | Loss: 713.4711 | Best Lines: 161 | Elapsed: 4895.8s
Ep  1260/5000 | Score:  31900 | Lines:  151 | Lvl: 16 | Pieces:  396 | Eps: 0.010 | Loss: 703.8957 | Best Lines: 161 | Elapsed: 5055.2s
Ep  1280/5000 | Score:  33080 | Lines:  151 | Lvl: 16 | Pieces:  398 | Eps: 0.010 | Loss: 658.7744 | Best Lines: 161 | Elapsed: 5198.4s
Ep  1300/5000 | Score:  31010 | Lines:  152 | Lvl: 16 | Pieces:  393 | Eps: 0.010 | Loss: 641.5169 | Best Lines: 161 | Elapsed: 5325.8s
Ep  1320/5000 | Score:  31310 | Lines:  151 | Lvl: 16 | Pieces:  394 | Eps: 0.010 | Loss: 586.8589 | Best Lines: 161 | Elapsed: 5432.4s
Ep  1340/5000 | Score:  28300 | Lines:  135 | Lvl: 14 | Pieces:  372 | Eps: 0.010 | Loss: 556.5306 | Best Lines: 161 | Elapsed: 5558.7s
Ep  1360/5000 | Score:  30460 | Lines:  151 | Lvl: 16 | Pieces:  396 | Eps: 0.010 | Loss: 627.8897 | Best Lines: 161 | Elapsed: 5679.8s
Ep  1380/5000 | Score:  28340 | Lines:  142 | Lvl: 15 | Pieces:  382 | Eps: 0.010 | Loss: 625.9008 | Best Lines: 161 | Elapsed: 5841.8s
Ep  1400/5000 | Score:  33300 | Lines:  151 | Lvl: 16 | Pieces:  393 | Eps: 0.010 | Loss: 556.5035 | Best Lines: 161 | Elapsed: 5966.7s
Ep  1420/5000 | Score:  31390 | Lines:  153 | Lvl: 16 | Pieces:  398 | Eps: 0.010 | Loss: 485.9961 | Best Lines: 161 | Elapsed: 6101.5s
Ep  1440/5000 | Score:  31090 | Lines:  141 | Lvl: 15 | Pieces:  386 | Eps: 0.010 | Loss: 462.8193 | Best Lines: 161 | Elapsed: 6234.9s
Ep  1460/5000 | Score:  31550 | Lines:  150 | Lvl: 16 | Pieces:  399 | Eps: 0.010 | Loss: 488.1467 | Best Lines: 161 | Elapsed: 6359.7s
Ep  1480/5000 | Score:  29550 | Lines:  150 | Lvl: 16 | Pieces:  391 | Eps: 0.010 | Loss: 518.8852 | Best Lines: 161 | Elapsed: 6484.0s
Ep  1500/5000 | Score:  30840 | Lines:  150 | Lvl: 16 | Pieces:  393 | Eps: 0.010 | Loss: 608.6210 | Best Lines: 161 | Elapsed: 6611.6s
Ep  1520/5000 | Score:   8440 | Lines:   40 | Lvl:  5 | Pieces:  135 | Eps: 0.010 | Loss: 601.7556 | Best Lines: 161 | Elapsed: 6745.8s
Ep  1540/5000 | Score:  32950 | Lines:  152 | Lvl: 16 | Pieces:  398 | Eps: 0.010 | Loss: 619.9550 | Best Lines: 161 | Elapsed: 6875.6s
Ep  1560/5000 | Score:  32320 | Lines:  150 | Lvl: 16 | Pieces:  397 | Eps: 0.010 | Loss: 574.6674 | Best Lines: 161 | Elapsed: 7016.4s
Ep  1580/5000 | Score:  30690 | Lines:  151 | Lvl: 16 | Pieces:  401 | Eps: 0.010 | Loss: 600.2286 | Best Lines: 161 | Elapsed: 7129.4s
Ep  1600/5000 | Score:  33400 | Lines:  150 | Lvl: 16 | Pieces:  400 | Eps: 0.010 | Loss: 604.6525 | Best Lines: 161 | Elapsed: 7245.9s
Ep  1620/5000 | Score:  31030 | Lines:  150 | Lvl: 16 | Pieces:  396 | Eps: 0.010 | Loss: 794.7170 | Best Lines: 161 | Elapsed: 7362.9s
Ep  1640/5000 | Score:  26750 | Lines:  146 | Lvl: 15 | Pieces:  391 | Eps: 0.010 | Loss: 892.2943 | Best Lines: 161 | Elapsed: 7507.1s
Ep  1660/5000 | Score:   3870 | Lines:   26 | Lvl:  3 | Pieces:   99 | Eps: 0.010 | Loss: 1020.5819 | Best Lines: 161 | Elapsed: 7640.3s
Ep  1680/5000 | Score:   5550 | Lines:   45 | Lvl:  5 | Pieces:  150 | Eps: 0.010 | Loss: 824.1223 | Best Lines: 161 | Elapsed: 7722.0s
Ep  1700/5000 | Score:  24400 | Lines:  145 | Lvl: 15 | Pieces:  390 | Eps: 0.010 | Loss: 1075.0549 | Best Lines: 161 | Elapsed: 7804.8s
Ep  1720/5000 | Score:  19530 | Lines:  150 | Lvl: 16 | Pieces:  395 | Eps: 0.010 | Loss: 1140.8995 | Best Lines: 161 | Elapsed: 7910.3s
Ep  1740/5000 | Score:  22320 | Lines:  152 | Lvl: 16 | Pieces:  401 | Eps: 0.010 | Loss: 998.5225 | Best Lines: 161 | Elapsed: 8033.5s
Ep  1760/5000 | Score:   6320 | Lines:   51 | Lvl:  6 | Pieces:  162 | Eps: 0.010 | Loss: 1077.5622 | Best Lines: 161 | Elapsed: 8115.3s
Ep  1780/5000 | Score:   1070 | Lines:    6 | Lvl:  1 | Pieces:   53 | Eps: 0.010 | Loss: 1260.9842 | Best Lines: 161 | Elapsed: 8180.4s
Ep  1800/5000 | Score:  25360 | Lines:  151 | Lvl: 16 | Pieces:  400 | Eps: 0.010 | Loss: 1256.2211 | Best Lines: 161 | Elapsed: 8249.0s
Ep  1820/5000 | Score:  17800 | Lines:  107 | Lvl: 11 | Pieces:  307 | Eps: 0.010 | Loss: 1008.4455 | Best Lines: 161 | Elapsed: 8359.7s
Ep  1840/5000 | Score:  30980 | Lines:  153 | Lvl: 16 | Pieces:  403 | Eps: 0.010 | Loss: 1009.9494 | Best Lines: 161 | Elapsed: 8470.8s
Ep  1860/5000 | Score:  31370 | Lines:  151 | Lvl: 16 | Pieces:  397 | Eps: 0.010 | Loss: 891.6653 | Best Lines: 161 | Elapsed: 8588.5s
Ep  1880/5000 | Score:  31410 | Lines:  157 | Lvl: 16 | Pieces:  407 | Eps: 0.010 | Loss: 692.8376 | Best Lines: 161 | Elapsed: 8728.5s
Ep  1900/5000 | Score:  26210 | Lines:  124 | Lvl: 13 | Pieces:  346 | Eps: 0.010 | Loss: 567.1176 | Best Lines: 161 | Elapsed: 8852.5s
Ep  1920/5000 | Score:  28930 | Lines:  138 | Lvl: 14 | Pieces:  375 | Eps: 0.010 | Loss: 527.0535 | Best Lines: 161 | Elapsed: 8979.6s
Ep  1940/5000 | Score:  32520 | Lines:  145 | Lvl: 15 | Pieces:  389 | Eps: 0.010 | Loss: 580.8465 | Best Lines: 161 | Elapsed: 9094.1s
Ep  1960/5000 | Score:  34820 | Lines:  152 | Lvl: 16 | Pieces:  400 | Eps: 0.010 | Loss: 597.1069 | Best Lines: 161 | Elapsed: 9213.5s
Ep  1980/5000 | Score:  33750 | Lines:  154 | Lvl: 16 | Pieces:  409 | Eps: 0.010 | Loss: 750.5576 | Best Lines: 161 | Elapsed: 9494.8s
Ep  2000/5000 | Score:  33480 | Lines:  151 | Lvl: 16 | Pieces:  401 | Eps: 0.010 | Loss: 652.8007 | Best Lines: 161 | Elapsed: 9613.6s
Ep  2020/5000 | Score:  31750 | Lines:  150 | Lvl: 16 | Pieces:  399 | Eps: 0.010 | Loss: 610.9540 | Best Lines: 161 | Elapsed: 9727.0s
Ep  2040/5000 | Score:  32960 | Lines:  145 | Lvl: 15 | Pieces:  389 | Eps: 0.010 | Loss: 613.0973 | Best Lines: 161 | Elapsed: 9854.6s
Ep  2060/5000 | Score:  31930 | Lines:  150 | Lvl: 16 | Pieces:  397 | Eps: 0.010 | Loss: 548.8604 | Best Lines: 161 | Elapsed: 9977.7s
Ep  2080/5000 | Score:  26630 | Lines:  135 | Lvl: 14 | Pieces:  373 | Eps: 0.010 | Loss: 691.3160 | Best Lines: 161 | Elapsed: 10085.8s
Ep  2100/5000 | Score:  31210 | Lines:  149 | Lvl: 15 | Pieces:  401 | Eps: 0.010 | Loss: 522.7263 | Best Lines: 161 | Elapsed: 10206.2s
Ep  2120/5000 | Score:  33870 | Lines:  154 | Lvl: 16 | Pieces:  410 | Eps: 0.010 | Loss: 613.1803 | Best Lines: 161 | Elapsed: 10351.4s
Ep  2140/5000 | Score:  29780 | Lines:  150 | Lvl: 16 | Pieces:  400 | Eps: 0.010 | Loss: 585.4499 | Best Lines: 161 | Elapsed: 10464.2s
Ep  2160/5000 | Score:  16150 | Lines:   71 | Lvl:  8 | Pieces:  211 | Eps: 0.010 | Loss: 704.0286 | Best Lines: 161 | Elapsed: 10569.5s
Ep  2180/5000 | Score:  33600 | Lines:  151 | Lvl: 16 | Pieces:  397 | Eps: 0.010 | Loss: 892.3222 | Best Lines: 161 | Elapsed: 10679.0s
Ep  2200/5000 | Score:  34010 | Lines:  151 | Lvl: 16 | Pieces:  399 | Eps: 0.010 | Loss: 1012.8568 | Best Lines: 161 | Elapsed: 10796.5s
Ep  2220/5000 | Score:  17840 | Lines:   73 | Lvl:  8 | Pieces:  220 | Eps: 0.010 | Loss: 1528.5431 | Best Lines: 161 | Elapsed: 10893.5s
Ep  2240/5000 | Score:  30530 | Lines:  142 | Lvl: 15 | Pieces:  386 | Eps: 0.010 | Loss: 1446.5322 | Best Lines: 161 | Elapsed: 10999.8s
Ep  2260/5000 | Score:  32390 | Lines:  148 | Lvl: 15 | Pieces:  401 | Eps: 0.010 | Loss: 1466.1143 | Best Lines: 161 | Elapsed: 11120.9s
Ep  2280/5000 | Score:  27940 | Lines:  146 | Lvl: 15 | Pieces:  394 | Eps: 0.010 | Loss: 1151.0069 | Best Lines: 161 | Elapsed: 11283.4s
Ep  2300/5000 | Score:  31990 | Lines:  150 | Lvl: 16 | Pieces:  400 | Eps: 0.010 | Loss: 1011.0048 | Best Lines: 161 | Elapsed: 11413.6s
Ep  2320/5000 | Score:  32090 | Lines:  150 | Lvl: 16 | Pieces:  395 | Eps: 0.010 | Loss: 791.9227 | Best Lines: 161 | Elapsed: 11541.1s
Ep  2340/5000 | Score:  26560 | Lines:  131 | Lvl: 14 | Pieces:  362 | Eps: 0.010 | Loss: 773.1852 | Best Lines: 161 | Elapsed: 11664.8s
Ep  2360/5000 | Score:  29530 | Lines:  134 | Lvl: 14 | Pieces:  368 | Eps: 0.010 | Loss: 605.7350 | Best Lines: 161 | Elapsed: 11778.8s
Ep  2380/5000 | Score:  31070 | Lines:  141 | Lvl: 15 | Pieces:  383 | Eps: 0.010 | Loss: 720.7126 | Best Lines: 161 | Elapsed: 11901.8s
Ep  2400/5000 | Score:  34230 | Lines:  144 | Lvl: 15 | Pieces:  392 | Eps: 0.010 | Loss: 692.8229 | Best Lines: 161 | Elapsed: 12018.9s
Ep  2420/5000 | Score:  30950 | Lines:  141 | Lvl: 15 | Pieces:  382 | Eps: 0.010 | Loss: 789.7440 | Best Lines: 161 | Elapsed: 12171.6s
Ep  2440/5000 | Score:  30890 | Lines:  147 | Lvl: 15 | Pieces:  397 | Eps: 0.010 | Loss: 826.1325 | Best Lines: 161 | Elapsed: 12303.6s
Ep  2460/5000 | Score:  11810 | Lines:   51 | Lvl:  6 | Pieces:  161 | Eps: 0.010 | Loss: 728.5358 | Best Lines: 161 | Elapsed: 12428.5s
Ep  2480/5000 | Score:  15300 | Lines:   68 | Lvl:  7 | Pieces:  208 | Eps: 0.010 | Loss: 810.3117 | Best Lines: 161 | Elapsed: 12544.2s
Ep  2500/5000 | Score:  27360 | Lines:  141 | Lvl: 15 | Pieces:  378 | Eps: 0.010 | Loss: 754.1364 | Best Lines: 161 | Elapsed: 12660.5s
Ep  2520/5000 | Score:  28740 | Lines:  140 | Lvl: 15 | Pieces:  372 | Eps: 0.010 | Loss: 874.8440 | Best Lines: 161 | Elapsed: 12763.7s
Ep  2540/5000 | Score:  22760 | Lines:  154 | Lvl: 16 | Pieces:  403 | Eps: 0.010 | Loss: 1072.6845 | Best Lines: 161 | Elapsed: 12869.4s
Ep  2560/5000 | Score:  15260 | Lines:  121 | Lvl: 13 | Pieces:  339 | Eps: 0.010 | Loss: 1243.9428 | Best Lines: 161 | Elapsed: 12976.8s
Ep  2580/5000 | Score:  22080 | Lines:  150 | Lvl: 16 | Pieces:  393 | Eps: 0.010 | Loss: 1013.0785 | Best Lines: 161 | Elapsed: 13138.0s
Ep  2600/5000 | Score:  24400 | Lines:  155 | Lvl: 16 | Pieces:  405 | Eps: 0.010 | Loss: 887.1430 | Best Lines: 161 | Elapsed: 13275.8s
Ep  2620/5000 | Score:  24670 | Lines:  154 | Lvl: 16 | Pieces:  401 | Eps: 0.010 | Loss: 826.4196 | Best Lines: 161 | Elapsed: 13406.7s
Ep  2640/5000 | Score:  28830 | Lines:  156 | Lvl: 16 | Pieces:  410 | Eps: 0.010 | Loss: 654.2463 | Best Lines: 161 | Elapsed: 13536.5s
Ep  2660/5000 | Score:  28930 | Lines:  151 | Lvl: 16 | Pieces:  395 | Eps: 0.010 | Loss: 536.2223 | Best Lines: 161 | Elapsed: 13678.3s
Ep  2680/5000 | Score:  25300 | Lines:  152 | Lvl: 16 | Pieces:  392 | Eps: 0.010 | Loss: 467.6262 | Best Lines: 161 | Elapsed: 13805.7s
Ep  2700/5000 | Score:   1410 | Lines:    7 | Lvl:  1 | Pieces:   56 | Eps: 0.010 | Loss: 441.3007 | Best Lines: 161 | Elapsed: 13954.1s
Ep  2720/5000 | Score:  31600 | Lines:  158 | Lvl: 16 | Pieces:  417 | Eps: 0.010 | Loss: 527.8336 | Best Lines: 161 | Elapsed: 14076.3s
Ep  2740/5000 | Score:  29110 | Lines:  146 | Lvl: 15 | Pieces:  389 | Eps: 0.010 | Loss: 790.3088 | Best Lines: 161 | Elapsed: 14194.6s
Ep  2760/5000 | Score:  30630 | Lines:  150 | Lvl: 16 | Pieces:  392 | Eps: 0.010 | Loss: 852.2920 | Best Lines: 161 | Elapsed: 14298.7s
Ep  2780/5000 | Score:  26260 | Lines:  154 | Lvl: 16 | Pieces:  401 | Eps: 0.010 | Loss: 829.0332 | Best Lines: 161 | Elapsed: 14416.6s
Ep  2800/5000 | Score:  31000 | Lines:  150 | Lvl: 16 | Pieces:  390 | Eps: 0.010 | Loss: 709.2528 | Best Lines: 161 | Elapsed: 14546.8s
Ep  2820/5000 | Score:  30370 | Lines:  150 | Lvl: 16 | Pieces:  398 | Eps: 0.010 | Loss: 636.7370 | Best Lines: 161 | Elapsed: 14657.1s
Ep  2840/5000 | Score:  25000 | Lines:  119 | Lvl: 12 | Pieces:  334 | Eps: 0.010 | Loss: 781.0729 | Best Lines: 161 | Elapsed: 14824.1s
Ep  2860/5000 | Score:  30290 | Lines:  146 | Lvl: 15 | Pieces:  397 | Eps: 0.010 | Loss: 876.5725 | Best Lines: 161 | Elapsed: 14967.8s
Ep  2880/5000 | Score:  27780 | Lines:  147 | Lvl: 15 | Pieces:  397 | Eps: 0.010 | Loss: 891.5650 | Best Lines: 161 | Elapsed: 15088.1s
Ep  2900/5000 | Score:   7720 | Lines:   33 | Lvl:  4 | Pieces:  115 | Eps: 0.010 | Loss: 856.0317 | Best Lines: 161 | Elapsed: 15211.7s
Ep  2920/5000 | Score:  28350 | Lines:  152 | Lvl: 16 | Pieces:  400 | Eps: 0.010 | Loss: 940.0460 | Best Lines: 161 | Elapsed: 15325.4s
Ep  2940/5000 | Score:  29400 | Lines:  151 | Lvl: 16 | Pieces:  397 | Eps: 0.010 | Loss: 655.4564 | Best Lines: 161 | Elapsed: 15449.5s
Ep  2960/5000 | Score:  21470 | Lines:  101 | Lvl: 11 | Pieces:  291 | Eps: 0.010 | Loss: 743.2680 | Best Lines: 161 | Elapsed: 15563.9s
Ep  2980/5000 | Score:  26820 | Lines:  132 | Lvl: 14 | Pieces:  364 | Eps: 0.010 | Loss: 854.6146 | Best Lines: 161 | Elapsed: 15687.2s
Ep  3000/5000 | Score:  30910 | Lines:  150 | Lvl: 16 | Pieces:  398 | Eps: 0.010 | Loss: 625.8741 | Best Lines: 161 | Elapsed: 15844.8s
Ep  3020/5000 | Score:  31480 | Lines:  150 | Lvl: 16 | Pieces:  395 | Eps: 0.010 | Loss: 545.3523 | Best Lines: 161 | Elapsed: 15983.3s
Ep  3040/5000 | Score:  30130 | Lines:  150 | Lvl: 16 | Pieces:  393 | Eps: 0.010 | Loss: 609.1304 | Best Lines: 161 | Elapsed: 16110.8s
Ep  3060/5000 | Score:  29070 | Lines:  141 | Lvl: 15 | Pieces:  381 | Eps: 0.010 | Loss: 686.4965 | Best Lines: 161 | Elapsed: 16232.3s
Ep  3080/5000 | Score:  31170 | Lines:  145 | Lvl: 15 | Pieces:  389 | Eps: 0.010 | Loss: 802.6438 | Best Lines: 161 | Elapsed: 16363.5s
Ep  3100/5000 | Score:  30250 | Lines:  146 | Lvl: 15 | Pieces:  392 | Eps: 0.010 | Loss: 808.3918 | Best Lines: 161 | Elapsed: 16494.8s
Ep  3120/5000 | Score:  31950 | Lines:  150 | Lvl: 16 | Pieces:  398 | Eps: 0.010 | Loss: 737.7982 | Best Lines: 161 | Elapsed: 16669.7s
Ep  3140/5000 | Score:  32440 | Lines:  149 | Lvl: 15 | Pieces:  397 | Eps: 0.010 | Loss: 619.9061 | Best Lines: 161 | Elapsed: 16797.4s
Ep  3160/5000 | Score:  29460 | Lines:  145 | Lvl: 15 | Pieces:  388 | Eps: 0.010 | Loss: 469.9817 | Best Lines: 161 | Elapsed: 16918.5s
Ep  3180/5000 | Score:  33550 | Lines:  150 | Lvl: 16 | Pieces:  394 | Eps: 0.010 | Loss: 448.5803 | Best Lines: 161 | Elapsed: 17051.4s
Ep  3200/5000 | Score:  31930 | Lines:  153 | Lvl: 16 | Pieces:  405 | Eps: 0.010 | Loss: 572.1307 | Best Lines: 161 | Elapsed: 17164.3s
Ep  3220/5000 | Score:  28480 | Lines:  150 | Lvl: 16 | Pieces:  396 | Eps: 0.010 | Loss: 752.3110 | Best Lines: 161 | Elapsed: 17287.3s
Ep  3240/5000 | Score:  32750 | Lines:  145 | Lvl: 15 | Pieces:  390 | Eps: 0.010 | Loss: 700.2782 | Best Lines: 161 | Elapsed: 17417.8s
Ep  3260/5000 | Score:  22870 | Lines:  113 | Lvl: 12 | Pieces:  320 | Eps: 0.010 | Loss: 875.8009 | Best Lines: 161 | Elapsed: 17566.2s
Ep  3280/5000 | Score:  32970 | Lines:  150 | Lvl: 16 | Pieces:  397 | Eps: 0.010 | Loss: 836.4685 | Best Lines: 161 | Elapsed: 17680.0s
Ep  3300/5000 | Score:  29870 | Lines:  150 | Lvl: 16 | Pieces:  400 | Eps: 0.010 | Loss: 761.6203 | Best Lines: 161 | Elapsed: 17812.7s
Ep  3320/5000 | Score:  33480 | Lines:  150 | Lvl: 16 | Pieces:  397 | Eps: 0.010 | Loss: 881.2522 | Best Lines: 161 | Elapsed: 17941.5s
Ep  3340/5000 | Score:  13790 | Lines:   75 | Lvl:  8 | Pieces:  227 | Eps: 0.010 | Loss: 1067.2372 | Best Lines: 161 | Elapsed: 18050.6s
Ep  3360/5000 | Score:  16470 | Lines:   75 | Lvl:  8 | Pieces:  229 | Eps: 0.010 | Loss: 972.5880 | Best Lines: 161 | Elapsed: 18179.2s
Ep  3380/5000 | Score:   5550 | Lines:   22 | Lvl:  3 | Pieces:   93 | Eps: 0.010 | Loss: 1093.0679 | Best Lines: 161 | Elapsed: 18299.6s
Ep  3400/5000 | Score:  34420 | Lines:  148 | Lvl: 15 | Pieces:  395 | Eps: 0.010 | Loss: 921.4249 | Best Lines: 161 | Elapsed: 18471.1s
Ep  3420/5000 | Score:  30700 | Lines:  148 | Lvl: 15 | Pieces:  397 | Eps: 0.010 | Loss: 907.6934 | Best Lines: 161 | Elapsed: 18606.6s
Ep  3440/5000 | Score:  31250 | Lines:  150 | Lvl: 16 | Pieces:  394 | Eps: 0.010 | Loss: 531.4080 | Best Lines: 161 | Elapsed: 18744.2s
Ep  3460/5000 | Score:  31700 | Lines:  150 | Lvl: 16 | Pieces:  401 | Eps: 0.010 | Loss: 489.9278 | Best Lines: 161 | Elapsed: 18877.7s
Ep  3480/5000 | Score:   4030 | Lines:   19 | Lvl:  2 | Pieces:   82 | Eps: 0.010 | Loss: 430.5316 | Best Lines: 161 | Elapsed: 18999.8s
Ep  3500/5000 | Score:  31660 | Lines:  151 | Lvl: 16 | Pieces:  398 | Eps: 0.010 | Loss: 532.1744 | Best Lines: 161 | Elapsed: 19142.1s
Ep  3520/5000 | Score:  30900 | Lines:  153 | Lvl: 16 | Pieces:  404 | Eps: 0.010 | Loss: 532.3059 | Best Lines: 161 | Elapsed: 19276.8s
Ep  3540/5000 | Score:  29950 | Lines:  156 | Lvl: 16 | Pieces:  408 | Eps: 0.010 | Loss: 531.8682 | Best Lines: 161 | Elapsed: 19432.2s
Ep  3560/5000 | Score:  32450 | Lines:  152 | Lvl: 16 | Pieces:  402 | Eps: 0.010 | Loss: 591.6313 | Best Lines: 161 | Elapsed: 19569.2s
Ep  3580/5000 | Score:  30400 | Lines:  142 | Lvl: 15 | Pieces:  385 | Eps: 0.010 | Loss: 490.4359 | Best Lines: 161 | Elapsed: 19703.1s
Ep  3600/5000 | Score:  31090 | Lines:  135 | Lvl: 14 | Pieces:  369 | Eps: 0.010 | Loss: 530.3540 | Best Lines: 161 | Elapsed: 19835.4s
Ep  3620/5000 | Score:  31110 | Lines:  151 | Lvl: 16 | Pieces:  400 | Eps: 0.010 | Loss: 511.8614 | Best Lines: 161 | Elapsed: 19962.2s
Ep  3640/5000 | Score:  32230 | Lines:  150 | Lvl: 16 | Pieces:  399 | Eps: 0.010 | Loss: 488.1011 | Best Lines: 161 | Elapsed: 20079.8s
Ep  3660/5000 | Score:  28640 | Lines:  156 | Lvl: 16 | Pieces:  415 | Eps: 0.010 | Loss: 481.1995 | Best Lines: 161 | Elapsed: 20233.9s
Ep  3680/5000 | Score:  19180 | Lines:   92 | Lvl: 10 | Pieces:  268 | Eps: 0.010 | Loss: 659.9111 | Best Lines: 161 | Elapsed: 20352.3s
Ep  3700/5000 | Score:  30150 | Lines:  150 | Lvl: 16 | Pieces:  400 | Eps: 0.010 | Loss: 807.3257 | Best Lines: 161 | Elapsed: 20475.9s
Ep  3720/5000 | Score:  28740 | Lines:  135 | Lvl: 14 | Pieces:  371 | Eps: 0.010 | Loss: 908.6382 | Best Lines: 161 | Elapsed: 20598.3s
Ep  3740/5000 | Score:  35920 | Lines:  153 | Lvl: 16 | Pieces:  408 | Eps: 0.010 | Loss: 961.4196 | Best Lines: 161 | Elapsed: 20710.7s
Ep  3760/5000 | Score:  28760 | Lines:  153 | Lvl: 16 | Pieces:  409 | Eps: 0.010 | Loss: 672.3306 | Best Lines: 161 | Elapsed: 20829.8s
Ep  3780/5000 | Score:  31890 | Lines:  140 | Lvl: 15 | Pieces:  376 | Eps: 0.010 | Loss: 694.4087 | Best Lines: 161 | Elapsed: 20957.2s
Ep  3800/5000 | Score:  33650 | Lines:  154 | Lvl: 16 | Pieces:  411 | Eps: 0.010 | Loss: 580.5537 | Best Lines: 161 | Elapsed: 21094.7s
Ep  3820/5000 | Score:  30670 | Lines:  150 | Lvl: 16 | Pieces:  400 | Eps: 0.010 | Loss: 608.8170 | Best Lines: 161 | Elapsed: 21249.7s
Ep  3840/5000 | Score:  32720 | Lines:  152 | Lvl: 16 | Pieces:  403 | Eps: 0.010 | Loss: 443.6138 | Best Lines: 161 | Elapsed: 21375.2s
Ep  3860/5000 | Score:  34310 | Lines:  152 | Lvl: 16 | Pieces:  402 | Eps: 0.010 | Loss: 381.3971 | Best Lines: 161 | Elapsed: 21516.3s
Ep  3880/5000 | Score:  30820 | Lines:  142 | Lvl: 15 | Pieces:  385 | Eps: 0.010 | Loss: 462.9386 | Best Lines: 161 | Elapsed: 21647.4s
Ep  3900/5000 | Score:  33530 | Lines:  154 | Lvl: 16 | Pieces:  408 | Eps: 0.010 | Loss: 559.4284 | Best Lines: 161 | Elapsed: 21749.1s
Ep  3920/5000 | Score:  32120 | Lines:  154 | Lvl: 16 | Pieces:  411 | Eps: 0.010 | Loss: 598.7546 | Best Lines: 161 | Elapsed: 21866.7s
Ep  3940/5000 | Score:  30300 | Lines:  153 | Lvl: 16 | Pieces:  406 | Eps: 0.010 | Loss: 667.1196 | Best Lines: 161 | Elapsed: 21982.5s
Ep  3960/5000 | Score:  29850 | Lines:  151 | Lvl: 16 | Pieces:  401 | Eps: 0.010 | Loss: 732.4042 | Best Lines: 161 | Elapsed: 22123.1s
Ep  3980/5000 | Score:  28660 | Lines:  153 | Lvl: 16 | Pieces:  402 | Eps: 0.010 | Loss: 651.1991 | Best Lines: 161 | Elapsed: 22240.5s
Ep  4000/5000 | Score:  31660 | Lines:  152 | Lvl: 16 | Pieces:  405 | Eps: 0.010 | Loss: 610.9984 | Best Lines: 161 | Elapsed: 22347.2s
Ep  4020/5000 | Score:  28980 | Lines:  152 | Lvl: 16 | Pieces:  399 | Eps: 0.010 | Loss: 623.2484 | Best Lines: 161 | Elapsed: 22469.6s
Ep  4040/5000 | Score:  32460 | Lines:  150 | Lvl: 16 | Pieces:  395 | Eps: 0.010 | Loss: 684.2384 | Best Lines: 161 | Elapsed: 22588.5s
Ep  4060/5000 | Score:  31250 | Lines:  153 | Lvl: 16 | Pieces:  402 | Eps: 0.010 | Loss: 663.1723 | Best Lines: 161 | Elapsed: 22714.3s
Ep  4080/5000 | Score:  31670 | Lines:  151 | Lvl: 16 | Pieces:  395 | Eps: 0.010 | Loss: 590.4924 | Best Lines: 161 | Elapsed: 22837.5s
Ep  4100/5000 | Score:  29560 | Lines:  141 | Lvl: 15 | Pieces:  379 | Eps: 0.010 | Loss: 580.1428 | Best Lines: 161 | Elapsed: 22966.7s
Ep  4120/5000 | Score:  28480 | Lines:  144 | Lvl: 15 | Pieces:  389 | Eps: 0.010 | Loss: 856.8607 | Best Lines: 161 | Elapsed: 23093.1s
Ep  4140/5000 | Score:  30870 | Lines:  142 | Lvl: 15 | Pieces:  376 | Eps: 0.010 | Loss: 773.1222 | Best Lines: 161 | Elapsed: 23210.5s
Ep  4160/5000 | Score:  29640 | Lines:  140 | Lvl: 15 | Pieces:  377 | Eps: 0.010 | Loss: 799.9608 | Best Lines: 161 | Elapsed: 23333.1s
Ep  4180/5000 | Score:  30840 | Lines:  146 | Lvl: 15 | Pieces:  397 | Eps: 0.010 | Loss: 829.7358 | Best Lines: 161 | Elapsed: 23432.4s
Ep  4200/5000 | Score:  29400 | Lines:  142 | Lvl: 15 | Pieces:  384 | Eps: 0.010 | Loss: 995.6731 | Best Lines: 161 | Elapsed: 23556.1s
Ep  4220/5000 | Score:  28790 | Lines:  139 | Lvl: 14 | Pieces:  383 | Eps: 0.010 | Loss: 833.3722 | Best Lines: 161 | Elapsed: 23679.8s
Ep  4240/5000 | Score:  22330 | Lines:  102 | Lvl: 11 | Pieces:  296 | Eps: 0.010 | Loss: 807.5949 | Best Lines: 161 | Elapsed: 23816.7s
Ep  4260/5000 | Score:  30300 | Lines:  145 | Lvl: 15 | Pieces:  392 | Eps: 0.010 | Loss: 609.8548 | Best Lines: 161 | Elapsed: 23965.0s
Ep  4280/5000 | Score:  33000 | Lines:  152 | Lvl: 16 | Pieces:  404 | Eps: 0.010 | Loss: 507.4540 | Best Lines: 161 | Elapsed: 24090.2s
Ep  4300/5000 | Score:  29220 | Lines:  155 | Lvl: 16 | Pieces:  405 | Eps: 0.010 | Loss: 569.3867 | Best Lines: 161 | Elapsed: 24202.5s
Ep  4320/5000 | Score:  33010 | Lines:  160 | Lvl: 17 | Pieces:  417 | Eps: 0.010 | Loss: 490.4031 | Best Lines: 161 | Elapsed: 24326.5s
Ep  4340/5000 | Score:  30110 | Lines:  140 | Lvl: 15 | Pieces:  381 | Eps: 0.010 | Loss: 800.0110 | Best Lines: 161 | Elapsed: 24442.1s
Ep  4360/5000 | Score:  30530 | Lines:  160 | Lvl: 17 | Pieces:  415 | Eps: 0.010 | Loss: 854.8485 | Best Lines: 161 | Elapsed: 24562.2s
Ep  4380/5000 | Score:  30600 | Lines:  160 | Lvl: 17 | Pieces:  416 | Eps: 0.010 | Loss: 1072.7983 | Best Lines: 161 | Elapsed: 24676.4s
Ep  4400/5000 | Score:  30650 | Lines:  156 | Lvl: 16 | Pieces:  411 | Eps: 0.010 | Loss: 839.4228 | Best Lines: 161 | Elapsed: 24826.8s
Ep  4420/5000 | Score:  31040 | Lines:  152 | Lvl: 16 | Pieces:  404 | Eps: 0.010 | Loss: 894.8949 | Best Lines: 161 | Elapsed: 24949.9s
Ep  4440/5000 | Score:  19600 | Lines:   95 | Lvl: 10 | Pieces:  277 | Eps: 0.010 | Loss: 705.4852 | Best Lines: 161 | Elapsed: 25082.2s
Ep  4460/5000 | Score:  19610 | Lines:   95 | Lvl: 10 | Pieces:  277 | Eps: 0.010 | Loss: 631.3538 | Best Lines: 161 | Elapsed: 25210.1s
Ep  4480/5000 | Score:  32800 | Lines:  154 | Lvl: 16 | Pieces:  410 | Eps: 0.010 | Loss: 732.1591 | Best Lines: 161 | Elapsed: 25332.1s
Ep  4500/5000 | Score:  32070 | Lines:  147 | Lvl: 15 | Pieces:  399 | Eps: 0.010 | Loss: 733.2978 | Best Lines: 161 | Elapsed: 25449.4s
Ep  4520/5000 | Score:  33460 | Lines:  160 | Lvl: 17 | Pieces:  419 | Eps: 0.010 | Loss: 725.4192 | Best Lines: 161 | Elapsed: 25589.4s
Ep  4540/5000 | Score:  32280 | Lines:  150 | Lvl: 16 | Pieces:  399 | Eps: 0.010 | Loss: 752.4790 | Best Lines: 161 | Elapsed: 25740.4s
Ep  4560/5000 | Score:  29320 | Lines:  152 | Lvl: 16 | Pieces:  405 | Eps: 0.010 | Loss: 730.0330 | Best Lines: 161 | Elapsed: 25866.3s
Ep  4580/5000 | Score:  25140 | Lines:  150 | Lvl: 16 | Pieces:  401 | Eps: 0.010 | Loss: 676.9748 | Best Lines: 161 | Elapsed: 25990.4s
Ep  4600/5000 | Score:  34400 | Lines:  151 | Lvl: 16 | Pieces:  400 | Eps: 0.010 | Loss: 640.0123 | Best Lines: 161 | Elapsed: 26117.4s
Ep  4620/5000 | Score:  31840 | Lines:  146 | Lvl: 15 | Pieces:  396 | Eps: 0.010 | Loss: 585.0308 | Best Lines: 161 | Elapsed: 26247.1s
Ep  4640/5000 | Score:  31820 | Lines:  151 | Lvl: 16 | Pieces:  402 | Eps: 0.010 | Loss: 531.7287 | Best Lines: 161 | Elapsed: 26367.1s
Ep  4660/5000 | Score:  33330 | Lines:  155 | Lvl: 16 | Pieces:  411 | Eps: 0.010 | Loss: 478.2437 | Best Lines: 161 | Elapsed: 26500.5s
Ep  4680/5000 | Score:  30110 | Lines:  150 | Lvl: 16 | Pieces:  399 | Eps: 0.010 | Loss: 529.3316 | Best Lines: 161 | Elapsed: 26643.5s
Ep  4700/5000 | Score:  29990 | Lines:  140 | Lvl: 15 | Pieces:  382 | Eps: 0.010 | Loss: 624.5123 | Best Lines: 161 | Elapsed: 26757.9s
Ep  4720/5000 | Score:  31050 | Lines:  157 | Lvl: 16 | Pieces:  415 | Eps: 0.010 | Loss: 720.5036 | Best Lines: 161 | Elapsed: 26887.8s
Ep  4740/5000 | Score:  26140 | Lines:  130 | Lvl: 14 | Pieces:  359 | Eps: 0.010 | Loss: 699.2713 | Best Lines: 161 | Elapsed: 27014.1s
Ep  4760/5000 | Score:  31510 | Lines:  151 | Lvl: 16 | Pieces:  400 | Eps: 0.010 | Loss: 629.0637 | Best Lines: 161 | Elapsed: 27139.7s
Ep  4780/5000 | Score:  29680 | Lines:  150 | Lvl: 16 | Pieces:  393 | Eps: 0.010 | Loss: 514.4948 | Best Lines: 161 | Elapsed: 27255.8s
Ep  4800/5000 | Score:  31170 | Lines:  151 | Lvl: 16 | Pieces:  397 | Eps: 0.010 | Loss: 595.4300 | Best Lines: 161 | Elapsed: 27374.1s
Ep  4820/5000 | Score:  31090 | Lines:  157 | Lvl: 16 | Pieces:  412 | Eps: 0.010 | Loss: 604.3040 | Best Lines: 161 | Elapsed: 27532.1s
Ep  4840/5000 | Score:  33190 | Lines:  150 | Lvl: 16 | Pieces:  399 | Eps: 0.010 | Loss: 528.6316 | Best Lines: 161 | Elapsed: 27668.4s
Ep  4860/5000 | Score:  34180 | Lines:  160 | Lvl: 17 | Pieces:  418 | Eps: 0.010 | Loss: 549.8424 | Best Lines: 161 | Elapsed: 27792.2s
Ep  4880/5000 | Score:  30020 | Lines:  151 | Lvl: 16 | Pieces:  401 | Eps: 0.010 | Loss: 558.7962 | Best Lines: 161 | Elapsed: 27922.0s
Ep  4900/5000 | Score:  30770 | Lines:  151 | Lvl: 16 | Pieces:  402 | Eps: 0.010 | Loss: 646.1422 | Best Lines: 161 | Elapsed: 28054.3s
Ep  4920/5000 | Score:  32090 | Lines:  152 | Lvl: 16 | Pieces:  406 | Eps: 0.010 | Loss: 541.9691 | Best Lines: 161 | Elapsed: 28189.7s
Ep  4940/5000 | Score:  32200 | Lines:  152 | Lvl: 16 | Pieces:  407 | Eps: 0.010 | Loss: 561.5281 | Best Lines: 161 | Elapsed: 28354.1s
Ep  4960/5000 | Score:  32670 | Lines:  151 | Lvl: 16 | Pieces:  401 | Eps: 0.010 | Loss: 495.8724 | Best Lines: 161 | Elapsed: 28484.8s
Ep  4980/5000 | Score:  31390 | Lines:  154 | Lvl: 16 | Pieces:  411 | Eps: 0.010 | Loss: 719.8312 | Best Lines: 161 | Elapsed: 28602.0s
Ep  5000/5000 | Score:  33400 | Lines:  152 | Lvl: 16 | Pieces:  403 | Eps: 0.010 | Loss: 713.9901 | Best Lines: 161 | Elapsed: 28712.5s
=================================================================
 Training complete! Best Lines Cleared: 161, Best Score: 37800
=================================================================
